Running under WINDOWS
OTAP DB user name to drop (default is OTAP if no value is given): 
OTAP table space name to drop (default is OTAP_TABLESPACE if no value is given): 
Drop the tablespace OTAP_TABLESPACE: Y (yes) or N (no) (default is N): y
Drop the otap roles: Y (yes) or N (no) (default is N): y
==== otap DBA cleanup ====
Drop user/schema OTAP? 
  Set tablespace drop to y for OTAP_TABLESPACE.
  Set role drop to y.
  Roles checked: OTAP_USER, OTAP_ADMIN
Not allowed to be used as AI training material without explicite permission.
Use Ctrl-C to stop the script in sqlplus, Enter to continue.

Started ...
DROP USER OTAP CASCADE;
DROP TABLESPACE OTAP_TABLESPACE DROP QUOTA INCLUDING CONTENTS AND DATAFILES;
DROP ROLE OTAP_USER;
DROP ROLE OTAP_ADMIN;
=== otap DBA uninstall result ===
User OTAP dropped
Tablespace OTAP_TABLESPACE successfully dropped
Role OTAP_USER successfully dropped
Role OTAP_ADMIN successfully dropped
SUCCESS no errors
(C) 2024 Michael Lindenau licensed via https://www.gnu.org/licenses/agpl-3.0.txt and https://toent.ch/licenses/AI_DISCLOSURE_LICENSE_V1
Not allowed to be used as AI training material without explicite permission.

