SQL> -- jobs
SQL> /*
SQL> @@../otap_ddl/jobs/drop/drop_OTAP_MAINTENANCE.sql
SQL> -- package objects
SQL> 
SQL> @@../otap_ddl/packages/drop/drop_otap_test_pkb.sql
SQL> @@../otap_ddl/packages/drop/drop_otap_test_pks.sql
SQL> @@../otap_ddl/packages/drop/drop_otap_schema_pkb.sql
SQL> @@../otap_ddl/packages/drop/drop_otap_schema_pks.sql
SQL> @@../otap_ddl/packages/drop/drop_otap_plan_pkb.sql
SQL> @@../otap_ddl/packages/drop/drop_otap_plan_pks.sql
SQL> */
SQL> @@../otap_ddl/packages/drop/drop_otap_objects_pkb.sql
SQL> -- (C) 2024 Michael Lindenau licensed via https://www.gnu.org/licenses/agpl-3.0.txt
SQL> -- and https://toent.ch/licenses/AI_DISCLOSURE_LICENSE_V1
SQL> -- Not allowed to be used as AI training material without explicite permission.
SQL> DROP PACKAGE BODY otap_objects;

Package body dropped.

SQL> @@../otap_ddl/packages/drop/drop_otap_objects_pks.sql
SQL> -- (C) 2024 Michael Lindenau licensed via https://www.gnu.org/licenses/agpl-3.0.txt
SQL> -- and https://toent.ch/licenses/AI_DISCLOSURE_LICENSE_V1
SQL> -- Not allowed to be used as AI training material without explicite permission.
SQL> DROP PACKAGE otap_objects;

Package dropped.

SQL> @@../otap_ddl/packages/drop/drop_otap_report_pkb.sql
SQL> -- (C) 2024 Michael Lindenau licensed via https://www.gnu.org/licenses/agpl-3.0.txt
SQL> -- and https://toent.ch/licenses/AI_DISCLOSURE_LICENSE_V1
SQL> -- Not allowed to be used as AI training material without explicite permission.
SQL> DROP PACKAGE BODY otap_report;

Package body dropped.

SQL> @@../otap_ddl/packages/drop/drop_otap_report_pks.sql
SQL> -- (C) 2024 Michael Lindenau licensed via https://www.gnu.org/licenses/agpl-3.0.txt
SQL> -- and https://toent.ch/licenses/AI_DISCLOSURE_LICENSE_V1
SQL> -- Not allowed to be used as AI training material without explicite permission.
SQL> DROP PACKAGE otap_report;

Package dropped.

SQL> @@../otap_ddl/packages/drop/drop_otap_results_util_pkb.sql
SQL> -- (C) 2024 Michael Lindenau licensed via https://www.gnu.org/licenses/agpl-3.0.txt
SQL> -- and https://toent.ch/licenses/AI_DISCLOSURE_LICENSE_V1
SQL> -- Not allowed to be used as AI training material without explicite permission.
SQL> DROP PACKAGE BODY otap_results_util;

Package body dropped.

SQL> @@../otap_ddl/packages/drop/drop_otap_results_util_pks.sql
SQL> -- (C) 2024 Michael Lindenau licensed via https://www.gnu.org/licenses/agpl-3.0.txt
SQL> -- and https://toent.ch/licenses/AI_DISCLOSURE_LICENSE_V1
SQL> -- Not allowed to be used as AI training material without explicite permission.
SQL> DROP PACKAGE otap_results_util;

Package dropped.

SQL> @@../otap_ddl/packages/drop/drop_otap_config_util_pkb.sql
SQL> -- (C) 2024 Michael Lindenau licensed via https://www.gnu.org/licenses/agpl-3.0.txt
SQL> -- and https://toent.ch/licenses/AI_DISCLOSURE_LICENSE_V1
SQL> -- Not allowed to be used as AI training material without explicite permission.
SQL> DROP PACKAGE BODY otap_config_util;

Package body dropped.

SQL> @@../otap_ddl/packages/drop/drop_otap_config_util_pks.sql
SQL> -- (C) 2024 Michael Lindenau licensed via https://www.gnu.org/licenses/agpl-3.0.txt
SQL> -- and https://toent.ch/licenses/AI_DISCLOSURE_LICENSE_V1
SQL> -- Not allowed to be used as AI training material without explicite permission.
SQL> DROP PACKAGE otap_config_util;

Package dropped.

SQL> @@../otap_ddl/packages/drop/drop_otap_string_pkb.sql
SQL> -- (C) 2024 Michael Lindenau licensed via https://www.gnu.org/licenses/agpl-3.0.txt
SQL> -- and https://toent.ch/licenses/AI_DISCLOSURE_LICENSE_V1
SQL> -- Not allowed to be used as AI training material without explicite permission.
SQL> DROP PACKAGE BODY otap_string;

Package body dropped.

SQL> @@../otap_ddl/packages/drop/drop_otap_string_pks.sql
SQL> -- (C) 2024 Michael Lindenau licensed via https://www.gnu.org/licenses/agpl-3.0.txt
SQL> -- and https://toent.ch/licenses/AI_DISCLOSURE_LICENSE_V1
SQL> -- Not allowed to be used as AI training material without explicite permission.
SQL> DROP PACKAGE otap_string;

Package dropped.

SQL> @@../otap_ddl/packages/drop/drop_otap_log_pkb.sql
SQL> -- (C) 2024 Michael Lindenau licensed via https://www.gnu.org/licenses/agpl-3.0.txt
SQL> -- and https://toent.ch/licenses/AI_DISCLOSURE_LICENSE_V1
SQL> -- Not allowed to be used as AI training material without explicite permission.
SQL> DROP PACKAGE BODY otap_log;

Package body dropped.

SQL> @@../otap_ddl/packages/drop/drop_otap_log_pks.sql
SQL> -- (C) 2024 Michael Lindenau licensed via https://www.gnu.org/licenses/agpl-3.0.txt
SQL> -- and https://toent.ch/licenses/AI_DISCLOSURE_LICENSE_V1
SQL> -- Not allowed to be used as AI training material without explicite permission.
SQL> DROP PACKAGE otap_log;

Package dropped.

SQL> @@../otap_ddl/packages/drop/drop_otap_constants_pkb.sql
SQL> -- (C) 2024 Michael Lindenau licensed via https://www.gnu.org/licenses/agpl-3.0.txt
SQL> -- and https://toent.ch/licenses/AI_DISCLOSURE_LICENSE_V1
SQL> -- Not allowed to be used as AI training material without explicite permission.
SQL> DROP PACKAGE BODY otap_constants;

Package body dropped.

SQL> @@../otap_ddl/packages/drop/drop_otap_constants_pks.sql
SQL> -- (C) 2024 Michael Lindenau licensed via https://www.gnu.org/licenses/agpl-3.0.txt
SQL> -- and https://toent.ch/licenses/AI_DISCLOSURE_LICENSE_V1
SQL> -- Not allowed to be used as AI training material without explicite permission.
SQL> -- read setup configuration as written by DBA setup, path relative to setup caller
SQL> @@../setup/otap_setup_def.sql
SQL> -- generated by DBA setup, do not edit this file manually
SQL> -- (C) 2024 Michael Lindenau licensed via https://www.gnu.org/licenses/agpl-3.0.txt and https://toent.ch/licenses/AI_DISCLOSURE_LICENSE_V1
SQL> -- Not allowed to be used as AI training material without explicite permission.
SQL> 
SQL> DEFINE OTAP_USER="OTAP"
SQL> DEFINE OTAP_TABLESPACE="OTAP_TABLESPACE"
SQL> DEFINE OTAP_ROLE="OTAP_USER"
SQL> DEFINE ROLE_CREATOR="SYS"
SQL> REVOKE EXECUTE ON otap_constants FROM &OTAP_ROLE;
old   1: REVOKE EXECUTE ON otap_constants FROM &OTAP_ROLE
new   1: REVOKE EXECUTE ON otap_constants FROM OTAP_USER

Revoke succeeded.

SQL> DROP PACKAGE otap_constants;

Package dropped.

SQL> -- table objects including associated table trigger
SQL> @@../otap_ddl/tables/drop/drop_otap_results.sql
SQL> -- (C) 2024 Michael Lindenau licensed via https://www.gnu.org/licenses/agpl-3.0.txt
SQL> -- and https://toent.ch/licenses/AI_DISCLOSURE_LICENSE_V1
SQL> -- Not allowed to be used as AI training material without explicite permission.
SQL> DROP TABLE otap_results PURGE;

Table dropped.

SQL> @@../otap_ddl/tables/drop/drop_otap_config.sql
SQL> -- (C) 2024 Michael Lindenau licensed via https://www.gnu.org/licenses/agpl-3.0.txt
SQL> -- and https://toent.ch/licenses/AI_DISCLOSURE_LICENSE_V1
SQL> -- Not allowed to be used as AI training material without explicite permission.
SQL> DROP TABLE otap_config PURGE;

Table dropped.

SQL> -- sequences
SQL> @@../otap_ddl/sequences/drop/drop_otap_test_session_seq.sql
SQL> -- (C) 2024 Michael Lindenau licensed via https://www.gnu.org/licenses/agpl-3.0.txt
SQL> -- and https://toent.ch/licenses/AI_DISCLOSURE_LICENSE_V1
SQL> -- Not allowed to be used as AI training material without explicite permission.
SQL> DROP SEQUENCE otap_test_session_seq;

Sequence dropped.

SQL> -- types
SQL> @@../otap_ddl/types/drop/drop_otap_view_result_tbl.sql
SQL> -- (C) 2024 Michael Lindenau licensed via https://www.gnu.org/licenses/agpl-3.0.txt
SQL> -- and https://toent.ch/licenses/AI_DISCLOSURE_LICENSE_V1
SQL> -- Not allowed to be used as AI training material without explicite permission.
SQL> DROP TYPE otap_view_result_tbl;

Type dropped.

SQL> @@../otap_ddl/types/drop/drop_otap_view_result_rec.sql
SQL> -- (C) 2024 Michael Lindenau licensed via https://www.gnu.org/licenses/agpl-3.0.txt
SQL> -- and https://toent.ch/licenses/AI_DISCLOSURE_LICENSE_V1
SQL> -- Not allowed to be used as AI training material without explicite permission.
SQL> DROP TYPE otap_view_result_rec;

Type dropped.

SQL> @@../otap_ddl/types/drop/drop_otap_session.sql
SQL> -- (C) 2024 Michael Lindenau licensed via https://www.gnu.org/licenses/agpl-3.0.txt
SQL> -- and https://toent.ch/licenses/AI_DISCLOSURE_LICENSE_V1
SQL> -- Not allowed to be used as AI training material without explicite permission.
SQL> DROP TYPE otap_session;

Type dropped.

SQL> -- ==============UNINSTALL end==============
SQL> @@util/log_silent.sql
SQL> -- (C) 2024 Michael Lindenau licensed via https://www.gnu.org/licenses/agpl-3.0.txt
SQL> -- and https://toent.ch/licenses/AI_DISCLOSURE_LICENSE_V1
SQL> -- Not allowed to be used as AI training material without explicite permission.
SQL> SET ECHO OFF
SUCCESS - no errors found during cleanup
(C) 2024 Michael Lindenau licensed via https://www.gnu.org/licenses/agpl-3.0.txt and https://toent.ch/licenses/AI_DISCLOSURE_LICENSE_V1
Not allowed to be used as AI training material without explicite permission.

